// Jest Snapshot v1, https://goo.gl/fbAQLP

exports[` Missions Component Rendering  renders correctly 1`] = `
<div
  className="container"
>
  <div
    className="py-5"
  >
    <table
      className="table table-striped table-bordered"
    >
      <thead>
        <tr>
          <th>
            Mission
          </th>
          <th>
            Description
          </th>
          <th>
            Status
          </th>
          <th>
            Â 
          </th>
        </tr>
      </thead>
      <tbody />
    </table>
  </div>
</div>
`;
